Math. Program.
IEEE Multimedia
Proc. of the Eighteenth IEEE Symposium on Mass Storage Systems
Proc. of IEEE Multimedia Applications, Services and Technologies
IEEE Computer
Proc. of Joint NASA/IEEE Mass Storage Systems Symposium
Proc. of International Conference on Data Engineering
Proc. of the 1996 ACM SIGMOD International Conference on Management of Data
Proc. of Joint NASA/IEEE Mass Storage Systems Symposium
Proc. of Multimedia Japan 96, International Symposium on Multimedia Systems
Proc. of the 11th International Conference on Data Engineering
Proc. of the 8th International Workshop on Database and Expert Systems Applications
Proc. of the 10th International Conference andWorkshop on Database and Expert Systems Applications