Business Horizons
R&d Management
R&d Management
Journal of Marketing Research
Advances in Consumer Research
Journal of Service Research
Outlook Magazine
Business Horizons
MIS quarterly
Advances in group processes
International Journal of Service Industry Management
Strategic management journal
Academy of Management Review
Journal of Business & Industrial Marketing
Journal of Marketing Research
Management science
Academy of Management Review
Journal of Product Innovation Management
Harvard business review
Review of marketing research
Communications & Strategies
Journal of the Academy of Marketing Science
Die Unternehmung
Strategy and Business
Journal of interactive marketing
American psychologist
Co-design
Journal of marketing
European management journal
International Journal of Innovation Science
Journal of Marketing Research
International Journal of Electronic Commerce