Proceedings of the ISCA Workshop on Speech and Emotion
Journal of Personality and Social Psychology
CHI '97 Human Factors in Computing Systems
Human-Computer Interaction
New Frontiers in Artificial Intelligence
Algorithms in Ambient Intelligence.
Proc. Twente Workshop on Language Technology
International Journal of Speech Technology
SIGCHI-ACM CHI
Proc. Embodied conversational agents
Human Computer Conversations