International Review of Financial Analysis
The Journal of Portfolio Management
Journal of financial economics
Journal of Financial economics
Journal of Financial economics
Review of Financial Studies
Journal of Financial economics
Journal of Business
Wall Street Journal
The American Economic Review
Journal of Business
Elsevier
Journal of Financial Intermediation
Journal of Financial Economics
The Journal of Finance