Scripta Metal. Mater.
Proc. 1st Int. Conf. University of Cambridge
Mater. Manuf. Proc.
J. Mater. Res.
J. Mater. Res.
Thin Solid Films
Surf. Eng.
MRS Symp. Proc.
Mat. Soc. Symp. Proc.
MRS Symp. Proc.
MRS Symp. Proc.
MRS Symp. Proc.
Thin Solid Films
Thin Solid Films
MRS Symp. Proc.
MRS Symp. Proc.
Thin Solid Films
Thin Solid Films
MRS Symp. Proc.
MRS Symp. Proc.
Thin Solid Films
Thin Solid Films
MRS Symp. Proc.
MRS Symp. Proc.
J. Mater. Sci.
Surf. Coat. Technol.
Thin Solid Films
J. Vac. Technol.
Plenum
J. Am. Ceram. Soc.
MRS Symp. Proc.
Mat. Sci. Eng.
Thin Solid Films
Thin Solid Films
J. Vac. Sci. Technol.
J. Vac. Sci. Technol. A.
Thin Solid Films
Thin Solid Films
J. Vac. Sci. Technol. A.
Thin Solid Films