Perception and Psychophysics
Ergonomics
Journal of Consumer Research
Chemical Senses
Perceptual and Motor Skills
Journal of Personality and Social Psychology
Journal of marketing research
Journal of Business Research
International Journal of Design
Journal of Pragmatics
Sociometry
Perception and Psychophysics
Journal of Political Economy
Perception
Journal of Experimental Psychology
Quarterly Journal of Economics
Cognitive Science
Perceptual and Motor Skills
Journal of Consumer Research
Journal of Experimental Psychology
Journal of Personality and Social Psychology
Journal of Marketing
Journal of Consumer Psychology
Acta Psychologica
Science
Psychological Review
Acta Psychologica
Acta Psychologica
Ergonomics
Journal of Economic Behaviour and Organization
Perception and Psychophysics
Cognitive, Affective, & Behavioral Neuroscience