Catal.Today
Phys.Rev.B
Catal.Today
Theoretical and experimental chemistry
J.Catal.
J.Phys.Chem.
J.Phys.Chem.
J.Catal.
Prespectives in Catalysis
J.Catal.
Dokl.Akad.Nauk.SSSR
Stud.Surf.Sci.Catal.
Catal.Today
Appl.Catal.A
Fuel Processing Tech
Hydrocarbon Process
Chem.Eng.Sci.
Catal.Lett.
Trans.Faraday Soc.
Catal.Lett.
Catal.Today
Catal.Lett.
Nature
Nature
Topics Catal.
J.Catal.
Appl.Catal.A
Catal.Lett.
J.Phys.Chem.
J.Catal.
Catal.Lett.
Appl.Energy
Appl.Catal.A
Stud.Surf.Sci.Catal.
Stud.Surf.Sci.Catal.
Catal.Lett.
Science
AIChE J.
Catal.Lett.
Catal.Today
Nature
J.Catal.
Catal.Today
Catal.Today
Catal.Lett.
Catal.Today
Appl.Catal.A
J.Phys.Chem.
J.Catal.
Catal.Today
J.Phys.Chem.B
J.Catal.
J.Am.Chem.Soc.
J.Catal.
J.Am.Ceram.Soc.
Phys.Rev.B
Solid State Ionics
J.Catal.
J.Catal.
J.Catal.
Phys.Rev.B.
Phys.Chem.Chem.Phys.
Surf.Sci.
Phys.Rev.B.
J.Catal.
Nature
Stud.Surf.Sci.Catal.
J.Catal.
Appl.Catal.A
Catal.Lett.
Catal.Lett.
Appl.Catal.A
Catal.Lett
Nature
Catal.Today
J.Catal.
Science
Catal.Today
Catal.Lett
Catal.Today
Catal.Today
Catal.Today
Appl.Catal.A
Stud.Surf.Sci.Catal.
Catal.Today
Appl.Catal.A
Stud.Surf.Sci.Catal.
Catal.Lett
J.Catal.
Science
Catal.Lett.
AIChE J.
Appl.Catal.A
Nature
J.Catal.
J.Chem.Soc.
Appl.Catal.A
Appl.Catal.A
Chem.Eng.Progr.Monogr.Ser
J.Phys.Chem
J.Catal.
Catal.Today
Appl.Catal.A
Nucl.Instrum.Meth.B
Rev.Sci.Instr.
Surf.Interface Anal.
Surf.Interface Anal.
Catal.Rev.Sci.Eng.
Appl.Catal.B
Catal.Today
Appl.Catal.A
J.Catal
Phys.Rev.B
Acta Materialia
Phys.Rev.B
J.Am.Ceram.Soc.
J.Mater.Sci.Lett.
Nucl.Instrum.Meth.B
Solid State Ionics
Solid State Ionics
Solid State Ionics
Phys.Rev.B
Scripta Materialia
J.Catal.
J.Catal.
Catal.Today
Catal.Rev.Sci.Eng.
Topics in Catal.
Nature
J.Catal.
Science
Catal.Lett.
AIChE J.
Appl.Catal.A
Common Metals
Ind.Eng.Chem.Res.
J.Catal.
Fuel
Appl.Catal.A
J.Catal.
Catal.Today
Appl.Catal.A
J.Mol.Catal.A
J.Phys.Chem.
Appl.Catal.
Appl.Catal.A
Catal.Today
J.Am.Chem.Soc.
Catal.Lett.
Catal.Lett.
Appl.Catal.A
Appl.Catal.A
J.Phys.Chem.B
Appl.Catal.A
Appl.Catal.A
J.Catal.
J.Catal.
Catal.Today
Nature
Science
AIChE J.
Catal.Today
J.Vac.Soc.Technol.A
Appl.Catal.B.
J.Catal
Catal.Rev.- Sci.Eng
Stud.Surf.Sci.Catal.
J.Chem.Soc.A.
J.Chem.Soc.A.
J.Catal.
Solid State Ionics
Catal.Rev.- Sci.Eng
Phys.Chem.Chem.Phys
Solid State Ionics
Solid State Ionics
Electrochem.Acta
Electrochem.Acta
J.Catal.
J.Catal.
Chem.Eng.Sci.
J.Catal.
Catal.Rev.- Sci.Eng
Catal.Rev.- Sci.Eng
Stud.Surf.Sci.Catal.
Phys.Rev.B.
J.Am.Ceram.Soc.
J.Phys.Chem
Appl.Surf.Sci.
Energy Explor.Exploit
Ind.Eng.Chem.Res
J.Catal
Fuel
Appl.Catal.A
J.Catal.
Catal.Today
J.Phys.Chem
Appl.Catal.
Appl.Catal.A.
J.Catal.
J.Catal.
Bull.Chem.Soc.Jpn
J.Mol.Catal
Appl.Surf.Sci
J.Am.Chem.Soc
Appl.Surf.Sci
Catal.Lett
Appl.Surf.Sci.
J.Catal.
J.Catal.
Phys.Rev.B
J.Am.Ceram.Soc.
J.Mol.Catal.
J.Catal.
J.Catal.
Surf.Sci.
Phys.Rev.B
Surf.Sci
J.Mol.Catal.
J.Phys.Chem.B
J.Am.Chem.Soc
J.Catal.
Catal.Lett
Topics in Catal
Chem.Eng.Sci
Inter.J.Hydrogen Energy
J.Catal
J.Catal.
Appl.Catal.A
Surf.Sci
Phys.Rev.Lett.
Stud.Surf.Sci.Catal.
J.Catal.
Appl.Catal.A
Science