Journal of environmental psychology
Organizational behavior and human decision processes
Journal of personality and social psychology
Journal of environmental psychology
Area
Waste management
Ecological Economics
The Journal of Environmental Education
Journal of environmental psychology
Personality and Social Psychology Bulletin
BioScience
Journal of Cross-Cultural Psychology
Environment and Behavior
Journal of advanced nursing
Conservation and Recycling
Journal of Environmental Education
Sustainable development
Journal of Applied Social Psychology
Environmental Education Research
Environmental Education Research
Sustainability
Annu. Rev. Environ. Resour
Biological conservation
Journal of social issues
Journal of Cleaner Production
Cognition & Emotion
Environment and Behavior
BioScience
Ecological Economics
Psychological bulletin
Behavior Research and Therapy
Journal of Environmental Psychology
Design Issues
Cruem
Journal of Social Issues
Human Ecology Review
Advances in Consumer Research
Marine Policy
Resources
Annals of the New York Academy of Sciences
InPsych: The Bulletin of the Australian Psychological Society
International Journal of Consumer Studies
Journal of Agricultural and Environmental Ethics
European Review of Social Psychology
International Journal of Ecodynamics
Psychology, Health & Medicine
Sustainable Development