Phys. Rev. Lett.
Phys. Rev. Lett.
Phys. Rev. Lett.
Phys. Rev. Lett.
Phys. Rev. Lett.
Phys. Rev. B
Phys. Rev. Lett.
Physica
Phys. Rev. B
Phys. Rev. Lett.
Phys. Rev. Lett.
Phys. Rev. Lett.
Physica
Appl. Phys. Lett.
Appl. Phys. Lett.
J. Phys. Soc. Jpn.
Rev. Mod. Phys.
Phys. Rev. B
Phys. Rev. B
Phys. Rev. Lett.
Phys. Rev. B
Phys. Rev. Lett.
Phys. Rev. Lett.