MIROS Journal
European Journal of Control
IEEE Trans. on Robotics and Automation
IEEE Transactions on Robotics
Proceedings 2nd IFAC Symposium on Nonlinear Control Systems
Sensors and Actuators A
Proceedings of the IMST
IEEE Transactions on Robotics
European Journal of Control
IEEE Robotics and Automation Magazine