This Journal
J. Nucl. Mater.
This Journal
Z. Phys. Chem.
J. Nucl. Mater.
ibid.
This Journal
ibid.
Advances in Corrosion Science and Technology
The Electrochemical Society Softbound Proceedings Series
Thermochim. Acta
J. Solid State Chem.
Allg. Chem
ibid.
J. Appl Electrochem.
ibid
Ceramurgia Int.
J. AppL Electrochem.
ibid
This Journal
J. Appl Electrochem.
J. Appl Electrochem
The Catalytic Chemistry of Nitrogen Oxides
Motortechn.
Anorg. Allg. Chem.
J. Inorg. Chem
Anal. Chim. Acta
Mater. Res. Bull
Z. Phys. Chem.
Acta Crystallogr.
This Journal
J. Phys. Chem. Solids
J. Appl. Electrochem.