Appl. Opt.
J. Appl. Phys.
Appl. Phys. Lett.
J. Vac. Sci. Technol. B
Appl. Phys. Lett.
Appl. Phys. Lett.
Appl. Opt.
Appl. Phys. Lett.
Appl. Phys. Lett.
Nature
Appl. Phys. Lett.
Appl. Opt.
Sensors Actuators A
Adv. Mater.
J. Micromech. Microeng.
Adv. Mater.
Science
Appl. Opt.
Opt. Commun