60th International Astronautical Congress
60th International Astronautical Congress
IEEE Transactions on Signal Processing
58th International Astronautical Congress
IEEE Conference on Signal Processing and Communications
6th Symposium on Small Satellites for Earth Observation
IEEE Signal Processing Letters
New Astronomy Reviews
IEEE Transactions on Antennas and Propagation
proceedings of ProRISC
proceedings of the ESA/ESTEC Workshop
60th International Astronautical Congress