Proc. 6th ACM Conf. Comput. Commun. Security
Proc. Int. Conf. Biometrics
Proc. 4th IEEE Workshop AutoID
Proc. 4th Int. Conf. AVBPA
Proc. Int. Conf. Biometrics
Proc. Adv. Cryptology—Eurocrypt
Designs, Codes Cryptography
IEEE Trans. Inf. Forensics Security
IBM Syst. J.
Proc. 2nd IEEE BTAS
IEEE Trans. Pattern Anal. Mach. Intell
Proc. IEEE CVPR
IEEE Trans. Pattern Anal. Mach. Intell.
Proc. IEEE Int. Conf. Multimedia Expo
Proc. IEEE Conf. Biometrics: Theory, Appl. Syst.
Proc. BIOSIG
Proc. IEEE 4th IIH-MSP
Pattern Recognit.
Image Vis. Comput.
IEEE Trans. Circuits Syst. Video Technol.
Proc. 5th Int. Conf. AVBPA
Proc. ICSLP
J. Adv. Signal Process.
Proc. AutoID