Polym. Bull.
Eur. J. Inorg. Chem
Angew. Chem.
Angew. Chem.
Allg. Chem.
J. Chem. Soc.
Inorg. Chem.
Inorg. Chem.
Inorg. Chem.
J. Chem. Soc.
J. Chem. Soc
Inorg. Chem.
Adv. Inorg. Chem
Anorg. Allg. Chem
Anorg. Allg. Chem
Angew. Chem.
Z. Anorg. Allg. Chem.
Chem. Ber.
Phosphorus Sulfur Silicon Rel. Elem.
Organometallics
Chem. Ber.
Z. Naturforsch
Z. Anorg. Allg. Chem
Z. Anorg. Allg. Chem
Chem. Mater
Russ. J. Coord. Chem
Koord. Khim.
Z. Anorg. Allg. Chem.
Z. Anorg. Allg. Chem.
Tetrahedron Lett.
Z. Anorg. Allg. Chem
J. Organomet. Chem.
Inorg. Chem
Chem. Eur. J.
Eur. J. Inorg. Chem.
Polyhedron
Z. Naturforsch
J. Organomet. Chem.
Eur. J. Inorg. Chem.
Inorg. Chem.
Eur. J. Inorg. Chem.
Eur. J. Inorg. Chem
Organometallics
J. Mat. Chem.
Z. Anorg. Allg. Chem
J. Organomet. Chem.
J. Coord. Chem.
Bull. Korean Chem. Soc
Inorg. Chem.
Chem. Ber.
Die Natur der chemischen Bindung
Adv. Inorg. Chem
Z. Anorg. Allg. Chem
Acta Crystallogr
Acta Crystallogr
Inorg. Chim. Acta
Can. J. Chem
Tetrahedron
Z. Anorg. Allg. Chem
J. Am. Chem. Soc
Inorg. Chem
Z. Naturforsch
Coord. Chem. Rev.
J. Appl. Crystallogr
Chem. Soc. Rev
Acta Crystallogr
J. Appl. Crystallogr
Acta Crystallogr
J. Chem. Phys.



