Journal of Power Sources
Journal of Power Sources
Chemical Engineering Science
Electrochemical and Solid-State Letters
Journal of Power Sources
Journal of Power Sources
Journal of the American Chemical Society
Journal of Membrane Science
Macromolecules
Journal of Membrane Science
Modern Aspects of Electrochemistry
Journal of Membrane Science
Journal of Power Sources
Journal of Membrane Science
Journal of Power Sources
Solid State Ionics
Electrochemistry Communications
Journal of Physics D: Applied Physics
Journal of Membrane Science
Journal of Applied Polymer Science
Journal of Membrane Science
The Journal of Physical Chemistry B