J. JSTP
Proc. 7th ICTP
Proceedings 8th ICTP
J. Mater. Proc. Technol
Proceedings Esaform
J. Mater. Proc. Technol.
Proc. 40th JJCTP
Proc. 1991 JSCTP
Trans. JSME
Trans. JSME
Proceedings 4th ICTP
Proc. 1994 JSCTP
Proc. 1995 JSCTP
Proceedings 5th ICTP
Proceedings 6th ICTP
Ann. CIRP
Proceedings 4th ICTP
Proc. Second Intern
Product. Eng. Res. Dev
Proc. 3rd Int. Conf. on Rotary Metalworking
JSTP
J. JSTP
Proc. 12th Shemet, Key Engineering Materials
Trans. Mater. Process
J. Mater. Process. Technol
Met. Mater.
SME Technical Paper
Materialprüfung
Proc. 2008 Int. Manuf. Sci. Eng. Conf.
Int. J. Mach. Tools Manuf