Technol Anal Strateg Manag
Journal of Evolution and Technology
J Med Philos
Futures
A Journal for the History and Philosophy of Science
Science, Technology & Human Values
J Hist Biol
ACS Chem Biol
Science
NanoEthics
Nat Nano
Intermediair
Technology in Society