Journal of Regional Science
Regional Science and Urban Economics
Journal of Regional Science
The Statistician
Journal of the American Statistical Association
Economic geography