Acad. Sci.
Acad. Sci.
Acad. Sci.
J. Chem. Educ.
J. Magn. Magn. Mater.
J. Magn. Magn. Mater.
J. Magn. Magn. Mater.
J. Biosci. Bioeng
Zh. Eksp. Teor. Fiz.
J. Phys. D Appl. Phys.
IEEE Trans. Magn
J. Phys. D Appl. Phys.
J. Phys. D Appl. Phys.
J. Phys. D Appl. Phys.
Jpn. J. Appl. Phys
J.Magn. Magn. Mater.
Meas. Sci. Technol
J. Appl. Phys.
Eur. Phys. J. B
J. Magn. Magn. Mater.
J. Magn. Magn. Mater.
Eur. Phys. J. E
J. Appl. Phys.
J. Phys. D Appl. Phys.
Appl. Phys. Lett
J. Magn. Magn. Mater
J. Opt. Soc. Am. A
J.Magn. Magn. Mater.
J. Phys. C Solid State Phys