Science
Phys. Rev. Lett.
Phys. Rev. Lett.
Phys. Rev. B
Phys. Rev. Lett.
J. Phys. Soc. Jpn.
Appl. Phys. Lett.
Phys. Rev. Lett.
Phys. Rev. Lett.
Nature Mater.
Phys. Rev. Lett.
J. Appl. Phys.
Phys. Rev. B
Acta Mater.
J. Appl. Phys.
Phys. Rev. Lett.
Phase Transit.
Phys. Rev. B
J. Appl. Phys.
Phys. Rev. B
Proc. Natl. Acad. Sci. U.S.A.
Nature