Behav Brain Sci
J Neurosci
Stroke
Trends Cogn Sci
Exp Brain Res
Dev Med Child Neurol
Cogn Brain Res
Front Hum Neurosci
J Exp Psychol Hum
NeuroImage
Dev Sci
Child Care Health Dev
Psychophysiol
Exp Brain Res
Psychophysiol
J Rehabil Med
J Neurophysiol
J Neurophysiol
Ann N Y Acad Sci
Curr Opin Neurobiol
NeuroImage
Cereb Cortex
Neuropsychol
MGH ColesMD Rugg
J Physiol Sci
J Clin Neurophysiol
Electroencephalogr Clin Neurophysiol
Electroencephal. Clin Neurophysiol
Acta Psychol
Neurosci Lett
Exp Brain Res
Exp Brain Res
Cogn Psychol
J Cogn Neurosci
Arch Phys Med Rehabil
J NeuroEng Rehabil
Clin Rehabil
Arch Phys Med Rehabil
Clin Rehabil
Clin Rehabil
Psychol Belg