Speech Monographs
Journal of Personality and Social Psychology
Journal of Personality and Social Psychology
Journal of Personality
Journal of Research in Personality
Journal of Research in Personality
International Journal of Selection and Assessment
Journal of Personality and Social Psychology
European Journal of Psychological Assessment
Journal of Research in Personality
Human Performance
Psychological Bulletin
Management Science
Proceedings of the 20th international conference on World wide web
Journal of Business Psychology
Journal of Personality and Social Psychology
Journal of Personality and Social Psychology
Journal of Personality and Social Psychology
Journal of Research in Personality
International Conference on Weblogs and Social Media
Journal of Personality and Social Psychology
Communication Research
Psychological Bulletin
Personal Relationships
Clinical Neuropsychology
Journal of Personality
Journal of Personality and Social Psychology
International Journal of Human Computer Studies
Journal of Research in Personality
Personality and Social Psychology Bulletin
Journal of Personality and Social Psychology
Psychological Research
Personality and Individual Differences
Psychological Bulletin
Journal of Personality and Social Psychology
Journal of Research in Personality
Communication Research
Journal of Research in Personality
Social Psychology and Personality Science