Nat. Mater.
Acc. Chem. Res.
Nano Lett.
Chem. Rev.
Rev. Mod. Phys.
Small
Small
J. R. Soc. Interface
Analyst
Acc. Chem. Res
Chem. Soc. Rev.
Integr. Biol.
Angew. Chem
Coord. Chem. Rev
Chem. Mater.
Langmuir
J. Phys. Chem. B
J. Phys. Chem. C
Nano Lett.
ACS Nano
Chem. Mater.
Adv. Mater.
J. Mater. Chem.
Nano Lett.
Top. Catal
J. Raman Spectrosc
Angew. Chem
J. Raman Spectrosc
Nanoscale
Hepatology
Proc. Natl. Acad. Sci.
Photochem. Photobiol
Anal. Chem.
Nanomed.-Nanotechnol Biol. Med.
J. Raman Spectrosc
Vib. Spectrosc.
Mol. Pharmaceutics
J. Appl. Physiol.
J. Phys. Chem. A
J. Photochem. Photobiol
J. Photochem. Photobiol
Nature
Phys. Sci.
Chem. Phys. Lett.
GaussView
J. Phys. Chem.
Photochem. Photobiol
Acc. Chem. Res
Adv. Fluoresc. Sens. Technol
Langmuir
Spectrochim. Acta
J. Phys. Chem.
J. Phys. Chem