Strategic Management Journal
Journal of Marketing
Journal of Management
Sloan Management Review
Journal of Marketing
International Journal of Operations & Production Management
Journal of Services Marketing
Journal of Operations Management
Journal of Operations Management
International Journal of Logistics Management
Journal of Marketing
Journal of the Academy of Marketing Science
Journal of Marketing
International Journal of Production Research
Logistics Information Management
Strategic Management Journal
Journal of Marketing
Strategic Management Journal
Academy of Management Review
Strategic Management Journal
Strategic Management Journal
Strategic Management Journal
Journal of Marketing Research
European Journal of Purchasing and Supply Management
Journal of Marketing Research
Strategic Management Journal
Journal of Marketing Research
Journal of the Academy of Marketing Science
Journal of Operations Management
Strategic Management Journal
Strategic Management Journal
Academy of Marketing Science
Organization Science
Strategic Management Journal
Journal of Marketing Research
Journal of the Academy of Marketing Science
Industrial Marketing Management
Journal of Marketing
Physica
Strategic Management Journal
California Management Review
Journal of Marketing
Journal of Marketing
Journal of Marketing
Journal of Marketing
Harvard Business Review
Journal of Marketing
Academy of Management Review
Journal of Operations Management
Academy of Management Journal
Journal of Marketing
Journal of Operations Management
Journal of Marketing
Journal of the Academy of Marketing Science
Journal of Operations Management
Administrative Science Quarterly
Organization Science