IEEE Communications Magazine
Computer Networks and ISDN Systems
IEEE Computer
IEEE Communications Magazine
Proceedings of the IEEE
IEEE Communications Magazine
Communications of the acm
IEEE Communications Magazine