SPIE Newsroom
Nat. Photonics
Appl. Surf. Sci.
Proc. SPIE
Proc. SPIE
J. Appl. Phys.
Phys. Rev. B
Phys. Rev. B
Photochem. Photobiol.
Prog. Quantum Electron.
J. Fluoresc.
Proc. SPIE
J. Vac. Sci. Technol.
Phys. Rev.
Microporous Mesoporous Mater.
Appl. Phys. Lett.
MRS Proceedings