Biochim. Biophys. Acta
J. Biol. Chem.
Nat. Genet.
Ann. Neurol.
Mov. Disord
Biochemistry
Acta Neuropathol
Ann. Neurol
Science
Neurobiol. Aging
Biochemistry
FEBS Lett
J. Biol. Chem.
J. Biol. Chem.
J. Neurochem
Hum. Mol. Genet.
Biochemistry
PLoS One
Science
Neurobiol. Dis.
Acta Neuropathologica Communications
Proc. Natl. Acad Sci.
Biochim. Biophys. Acta
J. Biol. Chem.
Angew. Chem.
Proc. Natl. Acad. Sci.
Proteins
FEBS Lett.
J. Neurosci
Biochemistry
FEBS Lett.
J. Mol. Biol.
Eur. Biophys. J.
J. Am. Chem. Soc
Biochim. Biophys. Acta
FEBS J.
Protein Sci
J. Membr. Biol
J. Biol. Chem.
Small
Curr. Opin. Struct. Biol.
J. Appl. Crystallogr.
J. Phys. Chem
Protein Sci.
Protein Sci.
Chem. Rev.
J. Biol. Chem
Nanoscale Res. Lett
J. Biol. Chem
FEBS Lett
J. Appl. Crystallogr.
Biophys. J.
Q. Rev. Biophys
Biochemistry
PLoS One
J. Mol. Biol