JAMA
Nature
N. Engl. J. Med.
Science
Sci. Transl. Med.
Nat. Biotechnol
Science
Adv. Drug Delivery Rev
Cardiovasc. Res
Mol. Pharmaceutics
Nat. Rev. Drug Discovery
Circulation
J. Am. Coll. Cardiol
Nat. Rev. Drug Discovery
Nat. Rev. Clin. Oncol
Magn. Reson. Med
Circulation
Arterioscler. Thromb. Vasc. Biol.
Proc. Natl. Acad. Sci
Circulation
J. Biomed. Opt
Opt. Lett
Opt. Express
Stud. Health Technol. Inf.
Anal. Cell. Pathol
J. Biomed. Opt
Elsevier
Circulation
Proc. Natl. Acad. Sci
Circ. Res
Nano Lett
Sci. Transl. Med
Biomaterials
Cancer Res
Nat. Nanotechnol.
Nat. Mater
Sci. Transl. Med.
Osteoarthritis Cartilage
J. Bone Miner. Res.