Z. Phys. B
Science
Phys. Rev. B
Phys. Rev. B
Phys. Rev. B
Phys. Rev. B
Phys. Rev. B
Physica A
Physica A
Phys. Rev. B
Phys. Rev. Lett.
Phys. Rev. Lett.
Phys. Rev. B