Journal of Applied Physics
Japanese Journal of Applied Physics
Electronics
Thin Solid Films
Ceramics International
Journal of the Ceramic Society of Japan