Annals Math. Stat
IEEE Transactions on Vehicular Technology
IEEE Journal on Selected Areas in Communications
IEEE Transactions on Information Theory
IEEE Personal Communications
ACM Transactions on Modeling and Computer Simulation
IEEE Transactions on Information Theory
IEEE Transactions on Communications